Archive member included to satisfy reference by file (symbol)

/Applications/STM32CubeIDE.app/Contents/Eclipse/plugins/com.st.stm32cube.ide.mcu.externaltools.gnu-tools-for-stm32.7-2018-q2-update.macos64_1.4.0.202007081208/tools/bin/../lib/gcc/arm-none-eabi/7.3.1/../../../../arm-none-eabi/lib/thumb/v7-m/libc_nano.a(lib_a-errno.o)
                              Core/Src/syscalls.o (__errno)
/Applications/STM32CubeIDE.app/Contents/Eclipse/plugins/com.st.stm32cube.ide.mcu.externaltools.gnu-tools-for-stm32.7-2018-q2-update.macos64_1.4.0.202007081208/tools/bin/../lib/gcc/arm-none-eabi/7.3.1/../../../../arm-none-eabi/lib/thumb/v7-m/libc_nano.a(lib_a-exit.o)
                              /Applications/STM32CubeIDE.app/Contents/Eclipse/plugins/com.st.stm32cube.ide.mcu.externaltools.gnu-tools-for-stm32.7-2018-q2-update.macos64_1.4.0.202007081208/tools/bin/../lib/gcc/arm-none-eabi/7.3.1/../../../../arm-none-eabi/lib/thumb/v7-m/crt0.o (exit)
/Applications/STM32CubeIDE.app/Contents/Eclipse/plugins/com.st.stm32cube.ide.mcu.externaltools.gnu-tools-for-stm32.7-2018-q2-update.macos64_1.4.0.202007081208/tools/bin/../lib/gcc/arm-none-eabi/7.3.1/../../../../arm-none-eabi/lib/thumb/v7-m/libc_nano.a(lib_a-impure.o)
                              /Applications/STM32CubeIDE.app/Contents/Eclipse/plugins/com.st.stm32cube.ide.mcu.externaltools.gnu-tools-for-stm32.7-2018-q2-update.macos64_1.4.0.202007081208/tools/bin/../lib/gcc/arm-none-eabi/7.3.1/../../../../arm-none-eabi/lib/thumb/v7-m/libc_nano.a(lib_a-exit.o) (_global_impure_ptr)
/Applications/STM32CubeIDE.app/Contents/Eclipse/plugins/com.st.stm32cube.ide.mcu.externaltools.gnu-tools-for-stm32.7-2018-q2-update.macos64_1.4.0.202007081208/tools/bin/../lib/gcc/arm-none-eabi/7.3.1/../../../../arm-none-eabi/lib/thumb/v7-m/libc_nano.a(lib_a-init.o)
                              /Applications/STM32CubeIDE.app/Contents/Eclipse/plugins/com.st.stm32cube.ide.mcu.externaltools.gnu-tools-for-stm32.7-2018-q2-update.macos64_1.4.0.202007081208/tools/bin/../lib/gcc/arm-none-eabi/7.3.1/../../../../arm-none-eabi/lib/thumb/v7-m/crt0.o (__libc_init_array)
/Applications/STM32CubeIDE.app/Contents/Eclipse/plugins/com.st.stm32cube.ide.mcu.externaltools.gnu-tools-for-stm32.7-2018-q2-update.macos64_1.4.0.202007081208/tools/bin/../lib/gcc/arm-none-eabi/7.3.1/../../../../arm-none-eabi/lib/thumb/v7-m/libc_nano.a(lib_a-memset.o)
                              /Applications/STM32CubeIDE.app/Contents/Eclipse/plugins/com.st.stm32cube.ide.mcu.externaltools.gnu-tools-for-stm32.7-2018-q2-update.macos64_1.4.0.202007081208/tools/bin/../lib/gcc/arm-none-eabi/7.3.1/../../../../arm-none-eabi/lib/thumb/v7-m/crt0.o (memset)

Allocating common symbols
Common symbol       size              file

uwTick              0x4               Drivers/STM32F1xx_HAL_Driver/Src/stm32f1xx_hal.o
pFlash              0x20              Drivers/STM32F1xx_HAL_Driver/Src/stm32f1xx_hal_flash.o
datoGuardado        0x4               Core/Src/main.o

Discarded input sections

 .text          0x0000000000000000        0x0 /Applications/STM32CubeIDE.app/Contents/Eclipse/plugins/com.st.stm32cube.ide.mcu.externaltools.gnu-tools-for-stm32.7-2018-q2-update.macos64_1.4.0.202007081208/tools/bin/../lib/gcc/arm-none-eabi/7.3.1/thumb/v7-m/crti.o
 .data          0x0000000000000000        0x0 /Applications/STM32CubeIDE.app/Contents/Eclipse/plugins/com.st.stm32cube.ide.mcu.externaltools.gnu-tools-for-stm32.7-2018-q2-update.macos64_1.4.0.202007081208/tools/bin/../lib/gcc/arm-none-eabi/7.3.1/thumb/v7-m/crti.o
 .bss           0x0000000000000000        0x0 /Applications/STM32CubeIDE.app/Contents/Eclipse/plugins/com.st.stm32cube.ide.mcu.externaltools.gnu-tools-for-stm32.7-2018-q2-update.macos64_1.4.0.202007081208/tools/bin/../lib/gcc/arm-none-eabi/7.3.1/thumb/v7-m/crti.o
 .data          0x0000000000000000        0x4 /Applications/STM32CubeIDE.app/Contents/Eclipse/plugins/com.st.stm32cube.ide.mcu.externaltools.gnu-tools-for-stm32.7-2018-q2-update.macos64_1.4.0.202007081208/tools/bin/../lib/gcc/arm-none-eabi/7.3.1/thumb/v7-m/crtbegin.o
 .text          0x0000000000000000       0x74 /Applications/STM32CubeIDE.app/Contents/Eclipse/plugins/com.st.stm32cube.ide.mcu.externaltools.gnu-tools-for-stm32.7-2018-q2-update.macos64_1.4.0.202007081208/tools/bin/../lib/gcc/arm-none-eabi/7.3.1/../../../../arm-none-eabi/lib/thumb/v7-m/crt0.o
 .data          0x0000000000000000        0x0 /Applications/STM32CubeIDE.app/Contents/Eclipse/plugins/com.st.stm32cube.ide.mcu.externaltools.gnu-tools-for-stm32.7-2018-q2-update.macos64_1.4.0.202007081208/tools/bin/../lib/gcc/arm-none-eabi/7.3.1/../../../../arm-none-eabi/lib/thumb/v7-m/crt0.o
 .bss           0x0000000000000000        0x0 /Applications/STM32CubeIDE.app/Contents/Eclipse/plugins/com.st.stm32cube.ide.mcu.externaltools.gnu-tools-for-stm32.7-2018-q2-update.macos64_1.4.0.202007081208/tools/bin/../lib/gcc/arm-none-eabi/7.3.1/../../../../arm-none-eabi/lib/thumb/v7-m/crt0.o
[...]
Memory Configuration

Name             Origin             Length             Attributes
RAM              0x0000000020000000 0x0000000000005000 xrw
FLASH            0x0000000008000000 0x000000000000fc00 xr
*default*        0x0000000000000000 0xffffffffffffffff

Linker script and memory map

LOAD /Applications/STM32CubeIDE.app/Contents/Eclipse/plugins/com.st.stm32cube.ide.mcu.externaltools.gnu-tools-for-stm32.7-2018-q2-update.macos64_1.4.0.202007081208/tools/bin/../lib/gcc/arm-none-eabi/7.3.1/thumb/v7-m/crti.o
LOAD /Applications/STM32CubeIDE.app/Contents/Eclipse/plugins/com.st.stm32cube.ide.mcu.externaltools.gnu-tools-for-stm32.7-2018-q2-update.macos64_1.4.0.202007081208/tools/bin/../lib/gcc/arm-none-eabi/7.3.1/thumb/v7-m/crtbegin.o
LOAD /Applications/STM32CubeIDE.app/Contents/Eclipse/plugins/com.st.stm32cube.ide.mcu.externaltools.gnu-tools-for-stm32.7-2018-q2-update.macos64_1.4.0.202007081208/tools/bin/../lib/gcc/arm-none-eabi/7.3.1/../../../../arm-none-eabi/lib/thumb/v7-m/crt0.o
LOAD Core/Src/main.o
LOAD Core/Src/stm32f1xx_hal_msp.o
LOAD Core/Src/stm32f1xx_it.o
LOAD Core/Src/syscalls.o
LOAD Core/Src/sysmem.o
LOAD Core/Src/system_stm32f1xx.o
LOAD Core/Startup/startup_stm32f103c8tx.o
LOAD Drivers/STM32F1xx_HAL_Driver/Src/stm32f1xx_hal.o
LOAD Drivers/STM32F1xx_HAL_Driver/Src/stm32f1xx_hal_cortex.o
LOAD Drivers/STM32F1xx_HAL_Driver/Src/stm32f1xx_hal_dma.o
LOAD Drivers/STM32F1xx_HAL_Driver/Src/stm32f1xx_hal_exti.o
LOAD Drivers/STM32F1xx_HAL_Driver/Src/stm32f1xx_hal_flash.o
LOAD Drivers/STM32F1xx_HAL_Driver/Src/stm32f1xx_hal_flash_ex.o
LOAD Drivers/STM32F1xx_HAL_Driver/Src/stm32f1xx_hal_gpio.o
LOAD Drivers/STM32F1xx_HAL_Driver/Src/stm32f1xx_hal_gpio_ex.o
LOAD Drivers/STM32F1xx_HAL_Driver/Src/stm32f1xx_hal_pwr.o
LOAD Drivers/STM32F1xx_HAL_Driver/Src/stm32f1xx_hal_rcc.o
LOAD Drivers/STM32F1xx_HAL_Driver/Src/stm32f1xx_hal_rcc_ex.o
LOAD Drivers/STM32F1xx_HAL_Driver/Src/stm32f1xx_hal_tim.o
LOAD Drivers/STM32F1xx_HAL_Driver/Src/stm32f1xx_hal_tim_ex.o
START GROUP
LOAD /Applications/STM32CubeIDE.app/Contents/Eclipse/plugins/com.st.stm32cube.ide.mcu.externaltools.gnu-tools-for-stm32.7-2018-q2-update.macos64_1.4.0.202007081208/tools/bin/../lib/gcc/arm-none-eabi/7.3.1/../../../../arm-none-eabi/lib/thumb/v7-m/libc_nano.a
LOAD /Applications/STM32CubeIDE.app/Contents/Eclipse/plugins/com.st.stm32cube.ide.mcu.externaltools.gnu-tools-for-stm32.7-2018-q2-update.macos64_1.4.0.202007081208/tools/bin/../lib/gcc/arm-none-eabi/7.3.1/../../../../arm-none-eabi/lib/thumb/v7-m/libm.a
END GROUP
START GROUP
LOAD /Applications/STM32CubeIDE.app/Contents/Eclipse/plugins/com.st.stm32cube.ide.mcu.externaltools.gnu-tools-for-stm32.7-2018-q2-update.macos64_1.4.0.202007081208/tools/bin/../lib/gcc/arm-none-eabi/7.3.1/thumb/v7-m/libgcc.a
LOAD /Applications/STM32CubeIDE.app/Contents/Eclipse/plugins/com.st.stm32cube.ide.mcu.externaltools.gnu-tools-for-stm32.7-2018-q2-update.macos64_1.4.0.202007081208/tools/bin/../lib/gcc/arm-none-eabi/7.3.1/../../../../arm-none-eabi/lib/thumb/v7-m/libc_nano.a
END GROUP
START GROUP
LOAD /Applications/STM32CubeIDE.app/Contents/Eclipse/plugins/com.st.stm32cube.ide.mcu.externaltools.gnu-tools-for-stm32.7-2018-q2-update.macos64_1.4.0.202007081208/tools/bin/../lib/gcc/arm-none-eabi/7.3.1/thumb/v7-m/libgcc.a
LOAD /Applications/STM32CubeIDE.app/Contents/Eclipse/plugins/com.st.stm32cube.ide.mcu.externaltools.gnu-tools-for-stm32.7-2018-q2-update.macos64_1.4.0.202007081208/tools/bin/../lib/gcc/arm-none-eabi/7.3.1/../../../../arm-none-eabi/lib/thumb/v7-m/libc_nano.a
LOAD /Applications/STM32CubeIDE.app/Contents/Eclipse/plugins/com.st.stm32cube.ide.mcu.externaltools.gnu-tools-for-stm32.7-2018-q2-update.macos64_1.4.0.202007081208/tools/bin/../lib/gcc/arm-none-eabi/7.3.1/../../../../arm-none-eabi/lib/thumb/v7-m/libnosys.a
END GROUP
START GROUP
LOAD /Applications/STM32CubeIDE.app/Contents/Eclipse/plugins/com.st.stm32cube.ide.mcu.externaltools.gnu-tools-for-stm32.7-2018-q2-update.macos64_1.4.0.202007081208/tools/bin/../lib/gcc/arm-none-eabi/7.3.1/thumb/v7-m/libgcc.a
LOAD /Applications/STM32CubeIDE.app/Contents/Eclipse/plugins/com.st.stm32cube.ide.mcu.externaltools.gnu-tools-for-stm32.7-2018-q2-update.macos64_1.4.0.202007081208/tools/bin/../lib/gcc/arm-none-eabi/7.3.1/../../../../arm-none-eabi/lib/thumb/v7-m/libc_nano.a
LOAD /Applications/STM32CubeIDE.app/Contents/Eclipse/plugins/com.st.stm32cube.ide.mcu.externaltools.gnu-tools-for-stm32.7-2018-q2-update.macos64_1.4.0.202007081208/tools/bin/../lib/gcc/arm-none-eabi/7.3.1/../../../../arm-none-eabi/lib/thumb/v7-m/libnosys.a
END GROUP
LOAD /Applications/STM32CubeIDE.app/Contents/Eclipse/plugins/com.st.stm32cube.ide.mcu.externaltools.gnu-tools-for-stm32.7-2018-q2-update.macos64_1.4.0.202007081208/tools/bin/../lib/gcc/arm-none-eabi/7.3.1/thumb/v7-m/crtend.o
LOAD /Applications/STM32CubeIDE.app/Contents/Eclipse/plugins/com.st.stm32cube.ide.mcu.externaltools.gnu-tools-for-stm32.7-2018-q2-update.macos64_1.4.0.202007081208/tools/bin/../lib/gcc/arm-none-eabi/7.3.1/thumb/v7-m/crtn.o
                0x0000000020005000                _estack = (ORIGIN (RAM) + LENGTH (RAM))
                0x0000000000000200                _Min_Heap_Size = 0x200
                0x0000000000000400                _Min_Stack_Size = 0x400

.isr_vector     0x0000000008000000      0x10c
                0x0000000008000000                . = ALIGN (0x4)
 *(.isr_vector)
 .isr_vector    0x0000000008000000      0x10c Core/Startup/startup_stm32f103c8tx.o
                0x0000000008000000                g_pfnVectors
                0x000000000800010c                . = ALIGN (0x4)

.text           0x000000000800010c     0x15a4
                0x000000000800010c                . = ALIGN (0x4)
 *(.text)
 .text          0x000000000800010c       0x40 /Applications/STM32CubeIDE.app/Contents/Eclipse/plugins/com.st.stm32cube.ide.mcu.externaltools.gnu-tools-for-stm32.7-2018-q2-update.macos64_1.4.0.202007081208/tools/bin/../lib/gcc/arm-none-eabi/7.3.1/thumb/v7-m/crtbegin.o
 *(.text*)
 .text.main     0x000000000800014c       0x8c Core/Src/main.o
                0x000000000800014c                main
 .text.SystemClock_Config
                0x00000000080001d8       0x8c Core/Src/main.o
                0x00000000080001d8                SystemClock_Config
 .text.MX_GPIO_Init
                0x0000000008000264       0x98 Core/Src/main.o
 .text.flash_writeData32
                0x00000000080002fc       0x34 Core/Src/main.o
                0x00000000080002fc                flash_writeData32
 .text.flash_readData32
                0x0000000008000330       0x16 Core/Src/main.o
                0x0000000008000330                flash_readData32
 .text.flash_erasedPag
                0x0000000008000346       0x40 Core/Src/main.o
                0x0000000008000346                flash_erasedPag
 .text.Error_Handler
                0x0000000008000386        0xc Core/Src/main.o
                0x0000000008000386                Error_Handler
 *fill*         0x0000000008000392        0x2 
 .text.HAL_MspInit
                0x0000000008000394       0x64 Core/Src/stm32f1xx_hal_msp.o
                0x0000000008000394                HAL_MspInit
 .text.NMI_Handler
                0x00000000080003f8        0xc Core/Src/stm32f1xx_it.o
                0x00000000080003f8                NMI_Handler
 .text.HardFault_Handler
                0x0000000008000404        0x6 Core/Src/stm32f1xx_it.o
                0x0000000008000404                HardFault_Handler
 .text.MemManage_Handler
                0x000000000800040a        0x6 Core/Src/stm32f1xx_it.o
                0x000000000800040a                MemManage_Handler
 .text.BusFault_Handler
                0x0000000008000410        0x6 Core/Src/stm32f1xx_it.o
                0x0000000008000410                BusFault_Handler
 .text.UsageFault_Handler
                0x0000000008000416        0x6 Core/Src/stm32f1xx_it.o
                0x0000000008000416                UsageFault_Handler
 .text.SVC_Handler
                0x000000000800041c        0xc Core/Src/stm32f1xx_it.o
                0x000000000800041c                SVC_Handler
 .text.DebugMon_Handler
                0x0000000008000428        0xc Core/Src/stm32f1xx_it.o
                0x0000000008000428                DebugMon_Handler
 .text.PendSV_Handler
                0x0000000008000434        0xc Core/Src/stm32f1xx_it.o
                0x0000000008000434                PendSV_Handler
 .text.SysTick_Handler
                0x0000000008000440        0xc Core/Src/stm32f1xx_it.o
                0x0000000008000440                SysTick_Handler
 .text.SystemInit
                0x000000000800044c        0xc Core/Src/system_stm32f1xx.o
                0x000000000800044c                SystemInit
 .text.Reset_Handler
                0x0000000008000458       0x48 Core/Startup/startup_stm32f103c8tx.o
                0x0000000008000458                Reset_Handler
 .text.Default_Handler
                0x00000000080004a0        0x2 Core/Startup/startup_stm32f103c8tx.o
                0x00000000080004a0                USBWakeUp_IRQHandler
                0x00000000080004a0                EXTI2_IRQHandler
                0x00000000080004a0                TIM1_CC_IRQHandler
                0x00000000080004a0                PVD_IRQHandler
                0x00000000080004a0                EXTI3_IRQHandler
                0x00000000080004a0                EXTI0_IRQHandler
                0x00000000080004a0                I2C2_EV_IRQHandler
                0x00000000080004a0                ADC1_2_IRQHandler
                0x00000000080004a0                SPI1_IRQHandler
                0x00000000080004a0                TAMPER_IRQHandler
                0x00000000080004a0                DMA1_Channel4_IRQHandler
                0x00000000080004a0                USART3_IRQHandler
                0x00000000080004a0                RTC_IRQHandler
                0x00000000080004a0                DMA1_Channel7_IRQHandler
                0x00000000080004a0                CAN1_RX1_IRQHandler
                0x00000000080004a0                TIM4_IRQHandler
                0x00000000080004a0                I2C1_EV_IRQHandler
                0x00000000080004a0                DMA1_Channel6_IRQHandler
                0x00000000080004a0                TIM3_IRQHandler
                0x00000000080004a0                RCC_IRQHandler
                0x00000000080004a0                TIM1_TRG_COM_IRQHandler
                0x00000000080004a0                DMA1_Channel1_IRQHandler
                0x00000000080004a0                Default_Handler
                0x00000000080004a0                EXTI15_10_IRQHandler
                0x00000000080004a0                EXTI9_5_IRQHandler
                0x00000000080004a0                SPI2_IRQHandler
                0x00000000080004a0                DMA1_Channel5_IRQHandler
                0x00000000080004a0                EXTI4_IRQHandler
                0x00000000080004a0                USB_LP_CAN1_RX0_IRQHandler
                0x00000000080004a0                USB_HP_CAN1_TX_IRQHandler
                0x00000000080004a0                DMA1_Channel3_IRQHandler
                0x00000000080004a0                TIM1_UP_IRQHandler
                0x00000000080004a0                WWDG_IRQHandler
                0x00000000080004a0                TIM2_IRQHandler
                0x00000000080004a0                TIM1_BRK_IRQHandler
                0x00000000080004a0                EXTI1_IRQHandler
                0x00000000080004a0                USART2_IRQHandler
                0x00000000080004a0                I2C2_ER_IRQHandler
                0x00000000080004a0                DMA1_Channel2_IRQHandler
                0x00000000080004a0                CAN1_SCE_IRQHandler
                0x00000000080004a0                FLASH_IRQHandler
                0x00000000080004a0                USART1_IRQHandler
                0x00000000080004a0                I2C1_ER_IRQHandler
                0x00000000080004a0                RTC_Alarm_IRQHandler
 *fill*         0x00000000080004a2        0x2 
 .text.HAL_Init
                0x00000000080004a4       0x2c Drivers/STM32F1xx_HAL_Driver/Src/stm32f1xx_hal.o
                0x00000000080004a4                HAL_Init
 .text.HAL_InitTick
                0x00000000080004d0       0x60 Drivers/STM32F1xx_HAL_Driver/Src/stm32f1xx_hal.o
                0x00000000080004d0                HAL_InitTick
 .text.HAL_IncTick
                0x0000000008000530       0x24 Drivers/STM32F1xx_HAL_Driver/Src/stm32f1xx_hal.o
                0x0000000008000530                HAL_IncTick
 .text.HAL_GetTick
                0x0000000008000554       0x14 Drivers/STM32F1xx_HAL_Driver/Src/stm32f1xx_hal.o
                0x0000000008000554                HAL_GetTick
 .text.__NVIC_SetPriorityGrouping
                0x0000000008000568       0x48 Drivers/STM32F1xx_HAL_Driver/Src/stm32f1xx_hal_cortex.o
 .text.__NVIC_GetPriorityGrouping
                0x00000000080005b0       0x1c Drivers/STM32F1xx_HAL_Driver/Src/stm32f1xx_hal_cortex.o
 .text.__NVIC_SetPriority
                0x00000000080005cc       0x54 Drivers/STM32F1xx_HAL_Driver/Src/stm32f1xx_hal_cortex.o
 .text.NVIC_EncodePriority
                0x0000000008000620       0x64 Drivers/STM32F1xx_HAL_Driver/Src/stm32f1xx_hal_cortex.o
 .text.SysTick_Config
                0x0000000008000684       0x44 Drivers/STM32F1xx_HAL_Driver/Src/stm32f1xx_hal_cortex.o
 .text.HAL_NVIC_SetPriorityGrouping
                0x00000000080006c8       0x16 Drivers/STM32F1xx_HAL_Driver/Src/stm32f1xx_hal_cortex.o
                0x00000000080006c8                HAL_NVIC_SetPriorityGrouping
 .text.HAL_NVIC_SetPriority
                0x00000000080006de       0x38 Drivers/STM32F1xx_HAL_Driver/Src/stm32f1xx_hal_cortex.o
                0x00000000080006de                HAL_NVIC_SetPriority
 .text.HAL_SYSTICK_Config
                0x0000000008000716       0x18 Drivers/STM32F1xx_HAL_Driver/Src/stm32f1xx_hal_cortex.o
                0x0000000008000716                HAL_SYSTICK_Config
 *fill*         0x000000000800072e        0x2 
 .text.HAL_FLASH_Program
                0x0000000008000730       0xe0 Drivers/STM32F1xx_HAL_Driver/Src/stm32f1xx_hal_flash.o
                0x0000000008000730                HAL_FLASH_Program
 .text.HAL_FLASH_Unlock
                0x0000000008000810       0x4c Drivers/STM32F1xx_HAL_Driver/Src/stm32f1xx_hal_flash.o
                0x0000000008000810                HAL_FLASH_Unlock
 .text.HAL_FLASH_Lock
                0x000000000800085c       0x20 Drivers/STM32F1xx_HAL_Driver/Src/stm32f1xx_hal_flash.o
                0x000000000800085c                HAL_FLASH_Lock
 .text.HAL_FLASH_OB_Unlock
                0x000000000800087c       0x38 Drivers/STM32F1xx_HAL_Driver/Src/stm32f1xx_hal_flash.o
                0x000000000800087c                HAL_FLASH_OB_Unlock
 .text.HAL_FLASH_OB_Lock
                0x00000000080008b4       0x20 Drivers/STM32F1xx_HAL_Driver/Src/stm32f1xx_hal_flash.o
                0x00000000080008b4                HAL_FLASH_OB_Lock
 .text.FLASH_Program_HalfWord
                0x00000000080008d4       0x38 Drivers/STM32F1xx_HAL_Driver/Src/stm32f1xx_hal_flash.o
 .text.FLASH_WaitForLastOperation
                0x000000000800090c       0x8c Drivers/STM32F1xx_HAL_Driver/Src/stm32f1xx_hal_flash.o
                0x000000000800090c                FLASH_WaitForLastOperation
 .text.FLASH_SetErrorCode
                0x0000000008000998       0xa0 Drivers/STM32F1xx_HAL_Driver/Src/stm32f1xx_hal_flash.o
 .text.HAL_FLASHEx_Erase
                0x0000000008000a38       0xd8 Drivers/STM32F1xx_HAL_Driver/Src/stm32f1xx_hal_flash_ex.o
                0x0000000008000a38                HAL_FLASHEx_Erase
 .text.FLASH_MassErase
                0x0000000008000b10       0x38 Drivers/STM32F1xx_HAL_Driver/Src/stm32f1xx_hal_flash_ex.o
 .text.FLASH_PageErase
                0x0000000008000b48       0x40 Drivers/STM32F1xx_HAL_Driver/Src/stm32f1xx_hal_flash_ex.o
                0x0000000008000b48                FLASH_PageErase
 .text.HAL_GPIO_Init
                0x0000000008000b88      0x2b4 Drivers/STM32F1xx_HAL_Driver/Src/stm32f1xx_hal_gpio.o
                0x0000000008000b88                HAL_GPIO_Init
 .text.HAL_GPIO_WritePin
                0x0000000008000e3c       0x30 Drivers/STM32F1xx_HAL_Driver/Src/stm32f1xx_hal_gpio.o
                0x0000000008000e3c                HAL_GPIO_WritePin
 .text.HAL_RCC_OscConfig
                0x0000000008000e6c      0x500 Drivers/STM32F1xx_HAL_Driver/Src/stm32f1xx_hal_rcc.o
                0x0000000008000e6c                HAL_RCC_OscConfig
 .text.HAL_RCC_ClockConfig
                0x000000000800136c      0x1d4 Drivers/STM32F1xx_HAL_Driver/Src/stm32f1xx_hal_rcc.o
                0x000000000800136c                HAL_RCC_ClockConfig
 .text.HAL_RCC_GetSysClockFreq
                0x0000000008001540       0xc4 Drivers/STM32F1xx_HAL_Driver/Src/stm32f1xx_hal_rcc.o
                0x0000000008001540                HAL_RCC_GetSysClockFreq
 .text.RCC_Delay
                0x0000000008001604       0x3c Drivers/STM32F1xx_HAL_Driver/Src/stm32f1xx_hal_rcc.o
 .text.__libc_init_array
                0x0000000008001640       0x48 /Applications/STM32CubeIDE.app/Contents/Eclipse/plugins/com.st.stm32cube.ide.mcu.externaltools.gnu-tools-for-stm32.7-2018-q2-update.macos64_1.4.0.202007081208/tools/bin/../lib/gcc/arm-none-eabi/7.3.1/../../../../arm-none-eabi/lib/thumb/v7-m/libc_nano.a(lib_a-init.o)
                0x0000000008001640                __libc_init_array
 .text.memset   0x0000000008001688       0x10 /Applications/STM32CubeIDE.app/Contents/Eclipse/plugins/com.st.stm32cube.ide.mcu.externaltools.gnu-tools-for-stm32.7-2018-q2-update.macos64_1.4.0.202007081208/tools/bin/../lib/gcc/arm-none-eabi/7.3.1/../../../../arm-none-eabi/lib/thumb/v7-m/libc_nano.a(lib_a-memset.o)
                0x0000000008001688                memset
 *(.glue_7)
 .glue_7        0x0000000008001698        0x0 linker stubs
 *(.glue_7t)
 .glue_7t       0x0000000008001698        0x0 linker stubs
 *(.eh_frame)
 .eh_frame      0x0000000008001698        0x0 /Applications/STM32CubeIDE.app/Contents/Eclipse/plugins/com.st.stm32cube.ide.mcu.externaltools.gnu-tools-for-stm32.7-2018-q2-update.macos64_1.4.0.202007081208/tools/bin/../lib/gcc/arm-none-eabi/7.3.1/thumb/v7-m/crtbegin.o
 *(.init)
 .init          0x0000000008001698        0x4 /Applications/STM32CubeIDE.app/Contents/Eclipse/plugins/com.st.stm32cube.ide.mcu.externaltools.gnu-tools-for-stm32.7-2018-q2-update.macos64_1.4.0.202007081208/tools/bin/../lib/gcc/arm-none-eabi/7.3.1/thumb/v7-m/crti.o
                0x0000000008001698                _init
 .init          0x000000000800169c        0x8 /Applications/STM32CubeIDE.app/Contents/Eclipse/plugins/com.st.stm32cube.ide.mcu.externaltools.gnu-tools-for-stm32.7-2018-q2-update.macos64_1.4.0.202007081208/tools/bin/../lib/gcc/arm-none-eabi/7.3.1/thumb/v7-m/crtn.o
 *(.fini)
 .fini          0x00000000080016a4        0x4 /Applications/STM32CubeIDE.app/Contents/Eclipse/plugins/com.st.stm32cube.ide.mcu.externaltools.gnu-tools-for-stm32.7-2018-q2-update.macos64_1.4.0.202007081208/tools/bin/../lib/gcc/arm-none-eabi/7.3.1/thumb/v7-m/crti.o
                0x00000000080016a4                _fini
 .fini          0x00000000080016a8        0x8 /Applications/STM32CubeIDE.app/Contents/Eclipse/plugins/com.st.stm32cube.ide.mcu.externaltools.gnu-tools-for-stm32.7-2018-q2-update.macos64_1.4.0.202007081208/tools/bin/../lib/gcc/arm-none-eabi/7.3.1/thumb/v7-m/crtn.o
                0x00000000080016b0                . = ALIGN (0x4)
                0x00000000080016b0                _etext = .

.vfp11_veneer   0x00000000080016b0        0x0
 .vfp11_veneer  0x00000000080016b0        0x0 linker stubs

.v4_bx          0x00000000080016b0        0x0
 .v4_bx         0x00000000080016b0        0x0 linker stubs

.iplt           0x00000000080016b0        0x0
 .iplt          0x00000000080016b0        0x0 /Applications/STM32CubeIDE.app/Contents/Eclipse/plugins/com.st.stm32cube.ide.mcu.externaltools.gnu-tools-for-stm32.7-2018-q2-update.macos64_1.4.0.202007081208/tools/bin/../lib/gcc/arm-none-eabi/7.3.1/thumb/v7-m/crtbegin.o

.rodata         0x00000000080016b0       0x24
                0x00000000080016b0                . = ALIGN (0x4)
 *(.rodata)
 .rodata        0x00000000080016b0       0x12 Drivers/STM32F1xx_HAL_Driver/Src/stm32f1xx_hal_rcc.o
 *(.rodata*)
 *fill*         0x00000000080016c2        0x2 
 .rodata.AHBPrescTable
                0x00000000080016c4       0x10 Core/Src/system_stm32f1xx.o
                0x00000000080016c4                AHBPrescTable
                0x00000000080016d4                . = ALIGN (0x4)

.rel.dyn        0x00000000080016d4        0x0
 .rel.iplt      0x00000000080016d4        0x0 /Applications/STM32CubeIDE.app/Contents/Eclipse/plugins/com.st.stm32cube.ide.mcu.externaltools.gnu-tools-for-stm32.7-2018-q2-update.macos64_1.4.0.202007081208/tools/bin/../lib/gcc/arm-none-eabi/7.3.1/thumb/v7-m/crtbegin.o

.ARM.extab      0x00000000080016d4        0x0
                0x00000000080016d4                . = ALIGN (0x4)
 *(.ARM.extab* .gnu.linkonce.armextab.*)
                0x00000000080016d4                . = ALIGN (0x4)

.ARM            0x00000000080016d4        0x0
                0x00000000080016d4                . = ALIGN (0x4)
                0x00000000080016d4                __exidx_start = .
 *(.ARM.exidx*)
                0x00000000080016d4                __exidx_end = .
                0x00000000080016d4                . = ALIGN (0x4)

.preinit_array  0x00000000080016d4        0x0
                0x00000000080016d4                . = ALIGN (0x4)
                0x00000000080016d4                PROVIDE (__preinit_array_start = .)
 *(.preinit_array*)
                0x00000000080016d4                PROVIDE (__preinit_array_end = .)
                0x00000000080016d4                . = ALIGN (0x4)

.init_array     0x00000000080016d4        0x4
                0x00000000080016d4                . = ALIGN (0x4)
                0x00000000080016d4                PROVIDE (__init_array_start = .)
 *(SORT_BY_NAME(.init_array.*))
 *(.init_array*)
 .init_array    0x00000000080016d4        0x4 /Applications/STM32CubeIDE.app/Contents/Eclipse/plugins/com.st.stm32cube.ide.mcu.externaltools.gnu-tools-for-stm32.7-2018-q2-update.macos64_1.4.0.202007081208/tools/bin/../lib/gcc/arm-none-eabi/7.3.1/thumb/v7-m/crtbegin.o
                0x00000000080016d8                PROVIDE (__init_array_end = .)
                0x00000000080016d8                . = ALIGN (0x4)

.fini_array     0x00000000080016d8        0x4
                0x00000000080016d8                . = ALIGN (0x4)
                [!provide]                        PROVIDE (__fini_array_start = .)
 *(SORT_BY_NAME(.fini_array.*))
 *(.fini_array*)
 .fini_array    0x00000000080016d8        0x4 /Applications/STM32CubeIDE.app/Contents/Eclipse/plugins/com.st.stm32cube.ide.mcu.externaltools.gnu-tools-for-stm32.7-2018-q2-update.macos64_1.4.0.202007081208/tools/bin/../lib/gcc/arm-none-eabi/7.3.1/thumb/v7-m/crtbegin.o
                [!provide]                        PROVIDE (__fini_array_end = .)
                0x00000000080016dc                . = ALIGN (0x4)
                0x00000000080016dc                _sidata = LOADADDR (.data)

.data           0x0000000020000000       0x10 load address 0x00000000080016dc
                0x0000000020000000                . = ALIGN (0x4)
                0x0000000020000000                _sdata = .
 *(.data)
 *(.data*)
 .data.direccionFlash
                0x0000000020000000        0x4 Core/Src/main.o
                0x0000000020000000                direccionFlash
 .data.SystemCoreClock
                0x0000000020000004        0x4 Core/Src/system_stm32f1xx.o
                0x0000000020000004                SystemCoreClock
 .data.uwTickPrio
                0x0000000020000008        0x4 Drivers/STM32F1xx_HAL_Driver/Src/stm32f1xx_hal.o
                0x0000000020000008                uwTickPrio
 .data.uwTickFreq
                0x000000002000000c        0x1 Drivers/STM32F1xx_HAL_Driver/Src/stm32f1xx_hal.o
                0x000000002000000c                uwTickFreq
                0x0000000020000010                . = ALIGN (0x4)
 *fill*         0x000000002000000d        0x3 
                0x0000000020000010                _edata = .

.igot.plt       0x0000000020000010        0x0 load address 0x00000000080016ec
 .igot.plt      0x0000000020000010        0x0 /Applications/STM32CubeIDE.app/Contents/Eclipse/plugins/com.st.stm32cube.ide.mcu.externaltools.gnu-tools-for-stm32.7-2018-q2-update.macos64_1.4.0.202007081208/tools/bin/../lib/gcc/arm-none-eabi/7.3.1/thumb/v7-m/crtbegin.o
                0x0000000020000010                . = ALIGN (0x4)

.bss            0x0000000020000010       0x48 load address 0x00000000080016ec
                0x0000000020000010                _sbss = .
                0x0000000020000010                __bss_start__ = _sbss
 *(.bss)
 .bss           0x0000000020000010       0x1c /Applications/STM32CubeIDE.app/Contents/Eclipse/plugins/com.st.stm32cube.ide.mcu.externaltools.gnu-tools-for-stm32.7-2018-q2-update.macos64_1.4.0.202007081208/tools/bin/../lib/gcc/arm-none-eabi/7.3.1/thumb/v7-m/crtbegin.o
 *(.bss*)
 *(COMMON)
 COMMON         0x000000002000002c        0x4 Core/Src/main.o
                0x000000002000002c                datoGuardado
 COMMON         0x0000000020000030        0x4 Drivers/STM32F1xx_HAL_Driver/Src/stm32f1xx_hal.o
                0x0000000020000030                uwTick
 *fill*         0x0000000020000034        0x4 
 COMMON         0x0000000020000038       0x20 Drivers/STM32F1xx_HAL_Driver/Src/stm32f1xx_hal_flash.o
                0x0000000020000038                pFlash
                0x0000000020000058                . = ALIGN (0x4)
                0x0000000020000058                _ebss = .
                0x0000000020000058                __bss_end__ = _ebss

._user_heap_stack
                0x0000000020000058      0x600 load address 0x00000000080016ec
                0x0000000020000058                . = ALIGN (0x8)
                [!provide]                        PROVIDE (end = .)
                0x0000000020000058                PROVIDE (_end = .)
                0x0000000020000258                . = (. + _Min_Heap_Size)
 *fill*         0x0000000020000058      0x200 
                0x0000000020000658                . = (. + _Min_Stack_Size)
 *fill*         0x0000000020000258      0x400 
                0x0000000020000658                . = ALIGN (0x8)

/DISCARD/
 libc.a(*)
 libm.a(*)
 libgcc.a(*)

.ARM.attributes
                0x0000000000000000       0x29
 *(.ARM.attributes)
 .ARM.attributes
                0x0000000000000000       0x1d /Applications/STM32CubeIDE.app/Contents/Eclipse/plugins/com.st.stm32cube.ide.mcu.externaltools.gnu-tools-for-stm32.7-2018-q2-update.macos64_1.4.0.202007081208/tools/bin/../lib/gcc/arm-none-eabi/7.3.1/thumb/v7-m/crti.o
 .ARM.attributes
                0x000000000000001d       0x2d /Applications/STM32CubeIDE.app/Contents/Eclipse/plugins/com.st.stm32cube.ide.mcu.externaltools.gnu-tools-for-stm32.7-2018-q2-update.macos64_1.4.0.202007081208/tools/bin/../lib/gcc/arm-none-eabi/7.3.1/thumb/v7-m/crtbegin.o
 .ARM.attributes
                0x000000000000004a       0x33 Core/Src/main.o
 .ARM.attributes
                0x000000000000007d       0x33 Core/Src/stm32f1xx_hal_msp.o
 .ARM.attributes
                0x00000000000000b0       0x33 Core/Src/stm32f1xx_it.o
 .ARM.attributes
                0x00000000000000e3       0x33 Core/Src/system_stm32f1xx.o
 .ARM.attributes
                0x0000000000000116       0x21 Core/Startup/startup_stm32f103c8tx.o
 .ARM.attributes
                0x0000000000000137       0x33 Drivers/STM32F1xx_HAL_Driver/Src/stm32f1xx_hal.o
 .ARM.attributes
                0x000000000000016a       0x33 Drivers/STM32F1xx_HAL_Driver/Src/stm32f1xx_hal_cortex.o
 .ARM.attributes
                0x000000000000019d       0x33 Drivers/STM32F1xx_HAL_Driver/Src/stm32f1xx_hal_flash.o
 .ARM.attributes
                0x00000000000001d0       0x33 Drivers/STM32F1xx_HAL_Driver/Src/stm32f1xx_hal_flash_ex.o
 .ARM.attributes
                0x0000000000000203       0x33 Drivers/STM32F1xx_HAL_Driver/Src/stm32f1xx_hal_gpio.o
 .ARM.attributes
                0x0000000000000236       0x33 Drivers/STM32F1xx_HAL_Driver/Src/stm32f1xx_hal_rcc.o
 .ARM.attributes
                0x0000000000000269       0x2d /Applications/STM32CubeIDE.app/Contents/Eclipse/plugins/com.st.stm32cube.ide.mcu.externaltools.gnu-tools-for-stm32.7-2018-q2-update.macos64_1.4.0.202007081208/tools/bin/../lib/gcc/arm-none-eabi/7.3.1/../../../../arm-none-eabi/lib/thumb/v7-m/libc_nano.a(lib_a-init.o)
 .ARM.attributes
                0x0000000000000296       0x2d /Applications/STM32CubeIDE.app/Contents/Eclipse/plugins/com.st.stm32cube.ide.mcu.externaltools.gnu-tools-for-stm32.7-2018-q2-update.macos64_1.4.0.202007081208/tools/bin/../lib/gcc/arm-none-eabi/7.3.1/../../../../arm-none-eabi/lib/thumb/v7-m/libc_nano.a(lib_a-memset.o)
 .ARM.attributes
                0x00000000000002c3       0x1d /Applications/STM32CubeIDE.app/Contents/Eclipse/plugins/com.st.stm32cube.ide.mcu.externaltools.gnu-tools-for-stm32.7-2018-q2-update.macos64_1.4.0.202007081208/tools/bin/../lib/gcc/arm-none-eabi/7.3.1/thumb/v7-m/crtn.o
OUTPUT(stm32f1xx_EEPROM_emulation.elf elf32-littlearm)

.debug_info     0x0000000000000000     0x3c63
 .debug_info    0x0000000000000000      0x5ed Core/Src/main.o
 .debug_info    0x00000000000005ed      0x2d6 Core/Src/stm32f1xx_hal_msp.o
 .debug_info    0x00000000000008c3      0x20a Core/Src/stm32f1xx_it.o
 .debug_info    0x0000000000000acd      0x29a Core/Src/system_stm32f1xx.o
 .debug_info    0x0000000000000d67       0x22 Core/Startup/startup_stm32f103c8tx.o
 .debug_info    0x0000000000000d89      0x714 Drivers/STM32F1xx_HAL_Driver/Src/stm32f1xx_hal.o
 .debug_info    0x000000000000149d      0xb51 Drivers/STM32F1xx_HAL_Driver/Src/stm32f1xx_hal_cortex.o
 .debug_info    0x0000000000001fee      0x5a4 Drivers/STM32F1xx_HAL_Driver/Src/stm32f1xx_hal_flash.o
 .debug_info    0x0000000000002592      0x827 Drivers/STM32F1xx_HAL_Driver/Src/stm32f1xx_hal_flash_ex.o
 .debug_info    0x0000000000002db9      0x69b Drivers/STM32F1xx_HAL_Driver/Src/stm32f1xx_hal_gpio.o
 .debug_info    0x0000000000003454      0x80f Drivers/STM32F1xx_HAL_Driver/Src/stm32f1xx_hal_rcc.o

.debug_abbrev   0x0000000000000000     0x119b
 .debug_abbrev  0x0000000000000000      0x1bc Core/Src/main.o
 .debug_abbrev  0x00000000000001bc      0x109 Core/Src/stm32f1xx_hal_msp.o
 .debug_abbrev  0x00000000000002c5       0xc6 Core/Src/stm32f1xx_it.o
 .debug_abbrev  0x000000000000038b      0x134 Core/Src/system_stm32f1xx.o
 .debug_abbrev  0x00000000000004bf       0x12 Core/Startup/startup_stm32f103c8tx.o
 .debug_abbrev  0x00000000000004d1      0x1c7 Drivers/STM32F1xx_HAL_Driver/Src/stm32f1xx_hal.o
 .debug_abbrev  0x0000000000000698      0x2d5 Drivers/STM32F1xx_HAL_Driver/Src/stm32f1xx_hal_cortex.o
 .debug_abbrev  0x000000000000096d      0x210 Drivers/STM32F1xx_HAL_Driver/Src/stm32f1xx_hal_flash.o
 .debug_abbrev  0x0000000000000b7d      0x21b Drivers/STM32F1xx_HAL_Driver/Src/stm32f1xx_hal_flash_ex.o
 .debug_abbrev  0x0000000000000d98      0x1c0 Drivers/STM32F1xx_HAL_Driver/Src/stm32f1xx_hal_gpio.o
 .debug_abbrev  0x0000000000000f58      0x243 Drivers/STM32F1xx_HAL_Driver/Src/stm32f1xx_hal_rcc.o

.debug_aranges  0x0000000000000000      0x508
 .debug_aranges
                0x0000000000000000       0x50 Core/Src/main.o
 .debug_aranges
                0x0000000000000050       0x20 Core/Src/stm32f1xx_hal_msp.o
 .debug_aranges
                0x0000000000000070       0x60 Core/Src/stm32f1xx_it.o
 .debug_aranges
                0x00000000000000d0       0x28 Core/Src/system_stm32f1xx.o
 .debug_aranges
                0x00000000000000f8       0x28 Core/Startup/startup_stm32f103c8tx.o
 .debug_aranges
                0x0000000000000120       0xe0 Drivers/STM32F1xx_HAL_Driver/Src/stm32f1xx_hal.o
 .debug_aranges
                0x0000000000000200      0x100 Drivers/STM32F1xx_HAL_Driver/Src/stm32f1xx_hal_cortex.o
 .debug_aranges
                0x0000000000000300       0x88 Drivers/STM32F1xx_HAL_Driver/Src/stm32f1xx_hal_flash.o
 .debug_aranges
                0x0000000000000388       0x98 Drivers/STM32F1xx_HAL_Driver/Src/stm32f1xx_hal_flash_ex.o
 .debug_aranges
                0x0000000000000420       0x58 Drivers/STM32F1xx_HAL_Driver/Src/stm32f1xx_hal_gpio.o
 .debug_aranges
                0x0000000000000478       0x90 Drivers/STM32F1xx_HAL_Driver/Src/stm32f1xx_hal_rcc.o

.debug_ranges   0x0000000000000000      0x460
 .debug_ranges  0x0000000000000000       0x40 Core/Src/main.o
 .debug_ranges  0x0000000000000040       0x10 Core/Src/stm32f1xx_hal_msp.o
 .debug_ranges  0x0000000000000050       0x50 Core/Src/stm32f1xx_it.o
 .debug_ranges  0x00000000000000a0       0x18 Core/Src/system_stm32f1xx.o
 .debug_ranges  0x00000000000000b8       0x20 Core/Startup/startup_stm32f103c8tx.o
 .debug_ranges  0x00000000000000d8       0xd0 Drivers/STM32F1xx_HAL_Driver/Src/stm32f1xx_hal.o
 .debug_ranges  0x00000000000001a8       0xf0 Drivers/STM32F1xx_HAL_Driver/Src/stm32f1xx_hal_cortex.o
 .debug_ranges  0x0000000000000298       0x78 Drivers/STM32F1xx_HAL_Driver/Src/stm32f1xx_hal_flash.o
 .debug_ranges  0x0000000000000310       0x88 Drivers/STM32F1xx_HAL_Driver/Src/stm32f1xx_hal_flash_ex.o
 .debug_ranges  0x0000000000000398       0x48 Drivers/STM32F1xx_HAL_Driver/Src/stm32f1xx_hal_gpio.o
 .debug_ranges  0x00000000000003e0       0x80 Drivers/STM32F1xx_HAL_Driver/Src/stm32f1xx_hal_rcc.o

.debug_macro    0x0000000000000000    0x15b70
 .debug_macro   0x0000000000000000      0x18e Core/Src/main.o
 .debug_macro   0x000000000000018e      0xa5a Core/Src/main.o
 .debug_macro   0x0000000000000be8      0x20f Core/Src/main.o
 .debug_macro   0x0000000000000df7       0x2e Core/Src/main.o
 .debug_macro   0x0000000000000e25       0x22 Core/Src/main.o
 .debug_macro   0x0000000000000e47       0x22 Core/Src/main.o
 .debug_macro   0x0000000000000e69       0x8e Core/Src/main.o
 .debug_macro   0x0000000000000ef7       0x51 Core/Src/main.o
 .debug_macro   0x0000000000000f48       0xef Core/Src/main.o
 .debug_macro   0x0000000000001037       0x6a Core/Src/main.o
 .debug_macro   0x00000000000010a1      0x1df Core/Src/main.o
 .debug_macro   0x0000000000001280       0x1c Core/Src/main.o
 .debug_macro   0x000000000000129c       0x22 Core/Src/main.o
 .debug_macro   0x00000000000012be       0xc3 Core/Src/main.o
 .debug_macro   0x0000000000001381      0xd23 Core/Src/main.o
 .debug_macro   0x00000000000020a4     0xe097 Core/Src/main.o
 .debug_macro   0x000000000001013b       0x43 Core/Src/main.o
 .debug_macro   0x000000000001017e     0x3468 Core/Src/main.o
 .debug_macro   0x00000000000135e6      0x174 Core/Src/main.o
 .debug_macro   0x000000000001375a       0x5c Core/Src/main.o
 .debug_macro   0x00000000000137b6      0x5be Core/Src/main.o
 .debug_macro   0x0000000000013d74      0x289 Core/Src/main.o
 .debug_macro   0x0000000000013ffd      0x1cb Core/Src/main.o
 .debug_macro   0x00000000000141c8      0x114 Core/Src/main.o
 .debug_macro   0x00000000000142dc      0x1b2 Core/Src/main.o
 .debug_macro   0x000000000001448e       0x27 Core/Src/main.o
 .debug_macro   0x00000000000144b5      0x136 Core/Src/main.o
 .debug_macro   0x00000000000145eb      0x1bc Core/Src/main.o
 .debug_macro   0x00000000000147a7       0x34 Core/Src/main.o
 .debug_macro   0x00000000000147db       0x3c Core/Src/main.o
 .debug_macro   0x0000000000014817       0x57 Core/Src/main.o
 .debug_macro   0x000000000001486e       0x88 Core/Src/main.o
 .debug_macro   0x00000000000148f6      0x241 Core/Src/main.o
 .debug_macro   0x0000000000014b37      0x141 Core/Src/main.o
 .debug_macro   0x0000000000014c78       0x83 Core/Src/main.o
 .debug_macro   0x0000000000014cfb      0x18e Core/Src/stm32f1xx_hal_msp.o
 .debug_macro   0x0000000000014e89      0x198 Core/Src/stm32f1xx_it.o
 .debug_macro   0x0000000000015021      0x184 Core/Src/system_stm32f1xx.o
 .debug_macro   0x00000000000151a5      0x1a8 Drivers/STM32F1xx_HAL_Driver/Src/stm32f1xx_hal.o
 .debug_macro   0x000000000001534d      0x184 Drivers/STM32F1xx_HAL_Driver/Src/stm32f1xx_hal_cortex.o
 .debug_macro   0x00000000000154d1      0x184 Drivers/STM32F1xx_HAL_Driver/Src/stm32f1xx_hal_flash.o
 .debug_macro   0x0000000000015655      0x196 Drivers/STM32F1xx_HAL_Driver/Src/stm32f1xx_hal_flash_ex.o
 .debug_macro   0x00000000000157eb      0x1ef Drivers/STM32F1xx_HAL_Driver/Src/stm32f1xx_hal_gpio.o
 .debug_macro   0x00000000000159da      0x196 Drivers/STM32F1xx_HAL_Driver/Src/stm32f1xx_hal_rcc.o

.debug_line     0x0000000000000000     0x4ec8
 .debug_line    0x0000000000000000      0x6ef Core/Src/main.o
 .debug_line    0x00000000000006ef      0x65f Core/Src/stm32f1xx_hal_msp.o
 .debug_line    0x0000000000000d4e      0x702 Core/Src/stm32f1xx_it.o
 .debug_line    0x0000000000001450      0x686 Core/Src/system_stm32f1xx.o
 .debug_line    0x0000000000001ad6       0x84 Core/Startup/startup_stm32f103c8tx.o
 .debug_line    0x0000000000001b5a      0x839 Drivers/STM32F1xx_HAL_Driver/Src/stm32f1xx_hal.o
 .debug_line    0x0000000000002393      0x910 Drivers/STM32F1xx_HAL_Driver/Src/stm32f1xx_hal_cortex.o
 .debug_line    0x0000000000002ca3      0x854 Drivers/STM32F1xx_HAL_Driver/Src/stm32f1xx_hal_flash.o
 .debug_line    0x00000000000034f7      0x8a3 Drivers/STM32F1xx_HAL_Driver/Src/stm32f1xx_hal_flash_ex.o
 .debug_line    0x0000000000003d9a      0x835 Drivers/STM32F1xx_HAL_Driver/Src/stm32f1xx_hal_gpio.o
 .debug_line    0x00000000000045cf      0x8f9 Drivers/STM32F1xx_HAL_Driver/Src/stm32f1xx_hal_rcc.o

.debug_str      0x0000000000000000    0x7bb9f
 .debug_str     0x0000000000000000    0x7a645 Core/Src/main.o
                                      0x7a981 (size before relaxing)
 .debug_str     0x000000000007a645       0x5a Core/Src/stm32f1xx_hal_msp.o
                                      0x7a732 (size before relaxing)
 .debug_str     0x000000000007a69f       0xbd Core/Src/stm32f1xx_it.o
                                      0x7a74f (size before relaxing)
 .debug_str     0x000000000007a75c       0x52 Core/Src/system_stm32f1xx.o
                                      0x7a71f (size before relaxing)
 .debug_str     0x000000000007a7ae       0x36 Core/Startup/startup_stm32f103c8tx.o
                                         0x86 (size before relaxing)
 .debug_str     0x000000000007a7e4      0x568 Drivers/STM32F1xx_HAL_Driver/Src/stm32f1xx_hal.o
                                      0x7adb0 (size before relaxing)
 .debug_str     0x000000000007ad4c      0x300 Drivers/STM32F1xx_HAL_Driver/Src/stm32f1xx_hal_cortex.o
                                      0x7adb8 (size before relaxing)
 .debug_str     0x000000000007b04c      0x2bc Drivers/STM32F1xx_HAL_Driver/Src/stm32f1xx_hal_flash.o
                                      0x7a9f5 (size before relaxing)
 .debug_str     0x000000000007b308      0x324 Drivers/STM32F1xx_HAL_Driver/Src/stm32f1xx_hal_flash_ex.o
                                      0x7abb9 (size before relaxing)
 .debug_str     0x000000000007b62c      0x324 Drivers/STM32F1xx_HAL_Driver/Src/stm32f1xx_hal_gpio.o
                                      0x7aae3 (size before relaxing)
 .debug_str     0x000000000007b950      0x24f Drivers/STM32F1xx_HAL_Driver/Src/stm32f1xx_hal_rcc.o
                                      0x7ab1c (size before relaxing)

.comment        0x0000000000000000       0x7b
 .comment       0x0000000000000000       0x7b Core/Src/main.o
                                         0x7c (size before relaxing)
 .comment       0x000000000000007b       0x7c Core/Src/stm32f1xx_hal_msp.o
 .comment       0x000000000000007b       0x7c Core/Src/stm32f1xx_it.o
 .comment       0x000000000000007b       0x7c Core/Src/system_stm32f1xx.o
 .comment       0x000000000000007b       0x7c Drivers/STM32F1xx_HAL_Driver/Src/stm32f1xx_hal.o
 .comment       0x000000000000007b       0x7c Drivers/STM32F1xx_HAL_Driver/Src/stm32f1xx_hal_cortex.o
 .comment       0x000000000000007b       0x7c Drivers/STM32F1xx_HAL_Driver/Src/stm32f1xx_hal_flash.o
 .comment       0x000000000000007b       0x7c Drivers/STM32F1xx_HAL_Driver/Src/stm32f1xx_hal_flash_ex.o
 .comment       0x000000000000007b       0x7c Drivers/STM32F1xx_HAL_Driver/Src/stm32f1xx_hal_gpio.o
 .comment       0x000000000000007b       0x7c Drivers/STM32F1xx_HAL_Driver/Src/stm32f1xx_hal_rcc.o

.debug_frame    0x0000000000000000     0x1220
 .debug_frame   0x0000000000000000      0x108 Core/Src/main.o
 .debug_frame   0x0000000000000108       0x38 Core/Src/stm32f1xx_hal_msp.o
 .debug_frame   0x0000000000000140      0x10c Core/Src/stm32f1xx_it.o
 .debug_frame   0x000000000000024c       0x58 Core/Src/system_stm32f1xx.o
 .debug_frame   0x00000000000002a4      0x334 Drivers/STM32F1xx_HAL_Driver/Src/stm32f1xx_hal.o
 .debug_frame   0x00000000000005d8      0x428 Drivers/STM32F1xx_HAL_Driver/Src/stm32f1xx_hal_cortex.o
 .debug_frame   0x0000000000000a00      0x214 Drivers/STM32F1xx_HAL_Driver/Src/stm32f1xx_hal_flash.o
 .debug_frame   0x0000000000000c14      0x258 Drivers/STM32F1xx_HAL_Driver/Src/stm32f1xx_hal_flash_ex.o
 .debug_frame   0x0000000000000e6c      0x14c Drivers/STM32F1xx_HAL_Driver/Src/stm32f1xx_hal_gpio.o
 .debug_frame   0x0000000000000fb8      0x21c Drivers/STM32F1xx_HAL_Driver/Src/stm32f1xx_hal_rcc.o
 .debug_frame   0x00000000000011d4       0x2c /Applications/STM32CubeIDE.app/Contents/Eclipse/plugins/com.st.stm32cube.ide.mcu.externaltools.gnu-tools-for-stm32.7-2018-q2-update.macos64_1.4.0.202007081208/tools/bin/../lib/gcc/arm-none-eabi/7.3.1/../../../../arm-none-eabi/lib/thumb/v7-m/libc_nano.a(lib_a-init.o)
 .debug_frame   0x0000000000001200       0x20 /Applications/STM32CubeIDE.app/Contents/Eclipse/plugins/com.st.stm32cube.ide.mcu.externaltools.gnu-tools-for-stm32.7-2018-q2-update.macos64_1.4.0.202007081208/tools/bin/../lib/gcc/arm-none-eabi/7.3.1/../../../../arm-none-eabi/lib/thumb/v7-m/libc_nano.a(lib_a-memset.o)
